
> learn-matrix@0.1.0 build
> next build

node.exe : 
[baseline-browser-mapping] 
The data in this module is 
over two months old.  To 
ensure accurate Baseline 
data, please update: `npm i 
baseline-browser-mapping@lat
est -D`
At C:\Program 
Files\nodejs\npm.ps1:29 
char:3
+   & $NODE_EXE $NPM_CLI_JS 
$args
+   ~~~~~~~~~~~~~~~~~~~~~~~~
~~~~~
    + CategoryInfo          
    : NotSpecified: ([base  
  line-brows...ping@lates   
 t -D`:String) [], Remot    
eException
    + FullyQualifiedErrorId 
    : NativeCommandError
 
   Ôû▓ Next.js 16.0.5 (Turbopack)
   - Environments: .env.local

   Creating an optimized production build ...
[baseline-browser-mapping] 
The data in this module is 
over two months old.  To 
ensure accurate Baseline 
data, please update: `npm i 
baseline-browser-mapping@lat
est -D`

> Build error occurred
Error: Turbopack build 
failed with 1 errors:
./src/app/(admin)/admin/sett
ings/page.tsx:5:1
Module not found: Can't 
resolve 
'@/components/ui/switch'
[0m [90m 3 |[39m 
[36mimport[39m { useState 
} [36mfrom[39m 
[32m"react"[39m[33m;[39m
 [90m 4 |[39m 
[36mimport[39m { 
[33mCard[39m[33m,[39m [
33mCardContent[39m[33m,[3
9m [33mCardDescription[39m
[33m,[39m [33mCardHeader
[39m[33m,[39m 
[33mCardTitle[39m } 
[36mfrom[39m [32m"@/compo
nents/ui/card"[39m[33m;[3
9m
[31m[1m>[22m[39m[90m 5 
|[39m [36mimport[39m { 
[33mSwitch[39m } 
[36mfrom[39m [32m"@/compo
nents/ui/switch"[39m[33m;
[39m
 [90m   |[39m [31m[1m^[
22m[39m[31m[1m^[22m[39m
[31m[1m^[22m[39m[31m[1
m^[22m[39m[31m[1m^[22m
[39m[31m[1m^[22m[39m[31
m[1m^[22m[39m[31m[1m^[
22m[39m[31m[1m^[22m[39m
[31m[1m^[22m[39m[31m[1
m^[22m[39m[31m[1m^[22m
[39m[31m[1m^[22m[39m[31
m[1m^[22m[39m[31m[1m^[
22m[39m[31m[1m^[22m[39m
[31m[1m^[22m[39m[31m[1
m^[22m[39m[31m[1m^[22m
[39m[31m[1m^[22m[39m[31
m[1m^[22m[39m[31m[1m^[
22m[39m[31m[1m^[22m[39m
[31m[1m^[22m[39m[31m[1
m^[22m[39m[31m[1m^[22m
[39m[31m[1m^[22m[39m[31
m[1m^[22m[39m[31m[1m^[
22m[39m[31m[1m^[22m[39m
[31m[1m^[22m[39m[31m[1
m^[22m[39m[31m[1m^[22m
[39m[31m[1m^[22m[39m[31
m[1m^[22m[39m[31m[1m^[
22m[39m[31m[1m^[22m[39m
[31m[1m^[22m[39m[31m[1
m^[22m[39m[31m[1m^[22m
[39m[31m[1m^[22m[39m[31
m[1m^[22m[39m[31m[1m^[
22m[39m[31m[1m^[22m[39m
[31m[1m^[22m[39m[31m[1
m^[22m[39m[31m[1m^[22m
[39m[31m[1m^[22m[39m
 [90m 6 |[39m 
[36mimport[39m { 
[33mLabel[39m } 
[36mfrom[39m [32m"@/compo
nents/ui/label"[39m[33m;[
39m
 [90m 7 |[39m 
[36mimport[39m { 
[33mButton[39m } 
[36mfrom[39m [32m"@/compo
nents/ui/button"[39m[33m;
[39m
 [90m 8 |[39m 
[36mimport[39m { 
[33mBadge[39m } 
[36mfrom[39m [32m"@/compo
nents/ui/badge"[39m[33m;[
39m[0m

Import map: aliased to 
relative './src/components/u
i/switch' inside of 
[project]/


Import traces:
  Client Component Browser:
    ./src/app/(admin)/admin/
settings/page.tsx [Client 
Component Browser]
    ./src/app/(admin)/admin/
settings/page.tsx [Server 
Component]

  Client Component SSR:
    ./src/app/(admin)/admin/
settings/page.tsx [Client 
Component SSR]
    ./src/app/(admin)/admin/
settings/page.tsx [Server 
Component]

https://nextjs.org/docs/mess
ages/module-not-found


    at <unknown> (./src/app/
(admin)/admin/settings/page.
tsx:5:1)
    at <unknown> (https://ne
xtjs.org/docs/messages/modul
e-not-found)
